// Jest Snapshot v1, https://goo.gl/fbAQLP

exports[`Submit bar component snapshot renders the submit bar 1`] = `
<form
  onSubmit={undefined}
>
  <fieldset>
    <legend>
       
       
    </legend>
    <div
      className="input-container--316X5DI-"
    >
      <label
        htmlFor="textField"
      >
         
        test label
         
      </label>
      <input
        className="input--3L2xwewm"
        id="textField"
        onChange={undefined}
        type="text"
        value="testVal"
      />
    </div>
    <button
      className="button--3j7htfnZ"
      id="sendBtn"
      type="submit"
    >
       
      Submit
       
    </button>
    <div
      className="error-msg--Gu7cE9b_"
    >
       
       
      test errorMsg
       
       
    </div>
  </fieldset>
</form>
`;
