// Jest Snapshot v1, https://goo.gl/fbAQLP

exports[`Message list component snapshot renders the message list 1`] = `
<ul
  className="message-list--3MC3ek3B"
>
  <li
    className="my-message-wrapper--h93b8ATj"
  >
    <div
      className="chat-message--QnC2_lx7"
    >
      <p>
        test content 123
      </p>
    </div>
  </li>
  <li
    className="chat-message-wrapper--hp6HY0Bp"
  >
    <div
      className="chat-message--QnC2_lx7"
    >
      <span>
        testUser1
        :
      </span>
      <p>
        test content 456
      </p>
    </div>
  </li>
  <li
    className="chat-message-wrapper--hp6HY0Bp"
  >
    <div
      className="chat-message--QnC2_lx7"
    >
      <span>
        testUser2
        :
      </span>
      <p>
        test content 678
      </p>
    </div>
  </li>
  <li />
</ul>
`;
