// Jest Snapshot v1, https://goo.gl/fbAQLP

exports[`Input component snapshot renders the input 1`] = `
<div
  className="input-container--316X5DI-"
>
  <label
    htmlFor="textField"
  >
     
    test label
     
  </label>
  <input
    className="input--3L2xwewm"
    id="textField"
    type="text"
  />
</div>
`;
