// Jest Snapshot v1, https://goo.gl/fbAQLP

exports[`Message list component snapshot renders the message list 1`] = `
<div
  className="message-container--28YesOzC"
>
  <div
    className="my-message-wrapper--h93b8ATj"
  >
    <div
      className="chat-message--QnC2_lx7"
    >
      <p>
        test content 123
      </p>
    </div>
  </div>
  <div
    className="chat-message-wrapper--hp6HY0Bp"
  >
    <div
      className="chat-message--QnC2_lx7"
    >
      <span>
        testUser1
        :
      </span>
      <p>
        test content 456
      </p>
    </div>
  </div>
  <div
    className="chat-message-wrapper--hp6HY0Bp"
  >
    <div
      className="chat-message--QnC2_lx7"
    >
      <span>
        testUser2
        :
      </span>
      <p>
        test content 678
      </p>
    </div>
  </div>
</div>
`;
